[2026-10-02 22:31:52,236] INFO === Starting automate_lottery_update.py ===
[2026-10-02 22:31:52,236] INFO Args: force=False, dry_run=False, log_level=INFO, push_only=False, no_fetch=False
[2026-10-02 22:31:53,215] INFO Processing state: NM-lottery
[2026-10-02 22:31:59,546] INFO [SUCCESS] Downloaded for NM-lottery
[2026-10-02 22:31:59,926] INFO [SUCCESS] Extracted for NM-lottery
[2026-10-02 22:31:59,932] INFO Processing game: Powerball for state: NM-lottery
[2026-10-02 22:31:59,932] INFO NM-lottery Powerball matches global settings. Ignoring.
[2026-10-02 22:31:59,932] INFO Processing game: Mega Millions for state: NM-lottery
[2026-10-02 22:31:59,933] INFO Recording extraction for NM-lottery Mega Millions
[2026-10-02 22:31:59,933] INFO Recording extraction: state=NM-lottery, game=Mega Millions, success=True, timestamp=2026-10-02T22:31:52-0700
[2026-10-02 22:31:59,934] INFO Adding pending set for NM-lottery Mega Millions
[2026-10-02 22:31:59,934] INFO Adding pending set: game=Mega Millions, state=NM-lottery, timestamp=2026-10-02T22:31:52-0700
[2026-10-02 22:31:59,936] INFO NM-lottery Mega Millions held for corroboration.
[2026-10-02 22:31:59,936] INFO Processing state: ND-lottery
[2026-10-02 22:32:02,363] INFO [SUCCESS] Downloaded for ND-lottery
[2026-10-02 22:32:03,288] INFO [SUCCESS] Extracted for ND-lottery
[2026-10-02 22:32:03,289] INFO Processing game: Powerball for state: ND-lottery
[2026-10-02 22:32:03,290] INFO ND-lottery Powerball matches global settings. Ignoring.
[2026-10-02 22:32:03,290] INFO Processing game: Mega Millions for state: ND-lottery
[2026-10-02 22:32:03,291] INFO Recording extraction for ND-lottery Mega Millions
[2026-10-02 22:32:03,291] INFO Recording extraction: state=ND-lottery, game=Mega Millions, success=True, timestamp=2026-10-02T22:31:52-0700
[2026-10-02 22:32:03,292] INFO Adding pending set for ND-lottery Mega Millions
[2026-10-02 22:32:03,292] INFO Adding pending set: game=Mega Millions, state=ND-lottery, timestamp=2026-10-02T22:31:52-0700
[2026-10-02 22:32:03,294] INFO ND-lottery Mega Millions held for corroboration.
[2026-10-02 22:32:03,294] INFO Marking corroborated for Mega Millions by ['NM-lottery', 'ND-lottery']
[2026-10-02 22:32:03,294] INFO Marking corroborated: game=Mega Millions, timestamp=2026-10-02T22:31:52-0700
[2026-10-02 22:32:03,295] INFO Corroborated: Mega Millions by ['NM-lottery', 'ND-lottery']
[2026-10-02 22:32:03,296] INFO All required games have nextDraw after today. Stopping further processing.
[2026-10-02 22:32:03,296] INFO Changes detected. Saving global_settings.json.
[2026-10-02 22:32:03,303] INFO Copied global_settings.json to C:\Development\repos\lotto-config\global_settings.json
